// Jest Snapshot v1, https://goo.gl/fbAQLP

exports[`should render Header correctly 1`] = `
<header>
  <h1>
    Expensify
  </h1>
  <NavLink
    activeClassName="is-active"
    aria-current="page"
    exact={true}
    to="/"
  >
    Home
  </NavLink>
  <br />
  <NavLink
    activeClassName="is-active"
    aria-current="page"
    to="/create"
  >
    Create Expense
  </NavLink>
  <br />
  <NavLink
    activeClassName="is-active"
    aria-current="page"
    to="/help"
  >
    Help
  </NavLink>
</header>
`;
